// Jest Snapshot v1, https://goo.gl/fbAQLP

exports[`adding adds two variables 1`] = `
"[-]++++++++++  assign 10 to a
>[-]+++++++++++++++  assign 15 to b
<[->>+<+<]  add a to b
>.  read b
>.  read a"
`;

exports[`adding reads three inputs and sums them 1`] = `
",  write input a
>,  write input b
>,  write input c
<<[->>>>+<+<<<]  add a to sum
>[-<+>>>+<<]  add b to sum
>[-<+>>+<]  add c to sum
>.  read sum"
`;
