// Jest Snapshot v1, https://goo.gl/fbAQLP

exports[`assign variables and read reads one variable 1`] = `
"+++++++++++++++++++++++++++++++++++++++++++++++++++++++++++++++++++++++++++++++++++++++++++++++++ // set to 97 / 0x61 / a
.
"
`;

exports[`assign variables and read reads two variable 1`] = `
"+++++++++++++++++++++++++++++++++++++++++++++++++++++++++++++++++++++++++++++++++++++++++++++++++ // set to 97 / 0x61 / a
> // move to 1
++++++++++++++++++++++++++++++++++++++++++++++++++++++++++++++++++++++++++++++++++++++++++++++++++ // set to 98 / 0x62 / b
.
< // move to 0
.
"
`;
