// Jest Snapshot v1, https://goo.gl/fbAQLP

exports[`assign variables and read reads one variable 1`] = `
"
declare a; assign 97 to a
+++++++++++++++++++++++++++++++++++++++++++++++++++++++++++++++++++++++++++++++++++++++++++++++++
read a
."
`;

exports[`assign variables and read reads two variable 1`] = `
"
declare a; declare b; assign 97 to a
+++++++++++++++++++++++++++++++++++++++++++++++++++++++++++++++++++++++++++++++++++++++++++++++++
assign 98 to b
>++++++++++++++++++++++++++++++++++++++++++++++++++++++++++++++++++++++++++++++++++++++++++++++++++
read b
.
read a
<."
`;
