// Jest Snapshot v1, https://goo.gl/fbAQLP

exports[`assign variables and read reads one variable 1`] = `
"[-]+++++++++++++++++++++++++++++++++++++++++++++++++++++++++++++++++++++++++++++++++++++++++++++++++  assign 97 to a
.  print a"
`;

exports[`assign variables and read reads two variable 1`] = `
"[-]+++++++++++++++++++++++++++++++++++++++++++++++++++++++++++++++++++++++++++++++++++++++++++++++++  assign 97 to a
>[-]++++++++++++++++++++++++++++++++++++++++++++++++++++++++++++++++++++++++++++++++++++++++++++++++++  assign 98 to b
.  print b
<.  print a"
`;
