// Jest Snapshot v1, https://goo.gl/fbAQLP

exports[`loop handles while loop 1`] = `
"declare a
declare sum
,  write input a
[  while a
  [->>+<+<]>>[-<<+>>]  add a to sum
  <<,  write input a
]  endwhile a
>.  read sum"
`;

exports[`loop handles while loop 2`] = `
"declare a
declare product
>[-]+  assign 1 to product
<,  write input a
[  while a
  [->>+>+<<<]>>[-<<+>>]  copy a to temp
  <[->+>>+<<<]>[-<+>]  copy product to temp
  >[->[-<<+>>>+<]<<[->>+<<]>]>>[-<<<<+>>>>]  multiply a to product
  <<<<<,  write input a
]  endwhile a
>.  read product"
`;
