// Jest Snapshot v1, https://goo.gl/fbAQLP

exports[`printNumber print numbers 1`] = `
",  write input n
>++++++++++<[->>>>>>>>>>>+<<<<<<<+<<<<]>>>>>>>>>>>[-<<<<<<<<<<<+>>>>>>>>>>>]<<<<<<<<<<[->>>>>>>>>>+<<<<<+<<<<<]>>>>>>>>>>[-<<<<<<<<<<+>>>>>>>>>>]<<<<<<<[->+>-[>+>>]>[+[-<+>]>+>>]<<<<<<]<[-]>>>>[-<<<<+>>>>]<<<<<[-]>>>>>>[-<<<<<<+>>>>>>]<<<<[-]>[-]>[-]>[-]>[-]>[-]>[-]<<<<<<<<<[-]  print n
  >[-<+>>>+<<]<[->+<]  copy temporary〔2〕 to temporary〔4〕
print n
  >>>[  if temporary〔2〕
<<++++++++++++++++++++++++++++++++++++++++++++++++.[-]  print n
  >>[-]]  endif temporary〔2〕
<++++++++++++++++++++++++++++++++++++++++++++++++.[-]  print n"
`;
