// Jest Snapshot v1, https://goo.gl/fbAQLP

exports[`printNumber print numbers 1`] = `
",  write input n
>++++++++++<[->>>>>>>>>>>+<<<<<<<+<<<<]>>>>>>>>>>>[-<<<<<<<<<<<+>>>>>>>>>>>]<<<<<<<<<<[->>>>>>>>>>+<<<<<+<<<<<]>>>>>>>>>>[-<<<<<<<<<<+>>>>>>>>>>]<<<<<<<[->+>-[>+>>]>[+[-<+>]>+>>]<<<<<<]<[-]>>>>[-<<<<+>>>>]<<<<<[-]>>>>>>[-<<<<<<+>>>>>>]<<<<[-]>[-]>[-]>[-]>[-]>[-]>[-]<<<<<<<<<[-]>++++++++++++++++++++++++++++++++++++++++++++++++.[-]>++++++++++++++++++++++++++++++++++++++++++++++++.[-]  print n"
`;
