// Jest Snapshot v1, https://goo.gl/fbAQLP

exports[`scopes assign memory after inner scope when usign temporary variables in outer scope 1`] = `
"[-]+++  assign 3 to a
  >[-]+++++  assign 5 to b
  <[->>+<+<]>>[-<<+>>]  add a to b
  <.  print b
  <.  print a
>[-]"
`;

exports[`scopes creates scope assign variable 1`] = `
"  >[-]+++  assign 3 to innerScope
  .  print innerScope
[-]  declare outerScopeInPlace
[-]+++++  assign 5 to outerScopeInPlace
.  print outerScopeInPlace"
`;
